Reading and expanding calculator new styleC:\Users\AL274877\Desktop\PipPycte\pycte\Examples\CationExchange\chemistry1.inp
Expanding calculator input text .... Scanning file: C:////Users////AL274877////Desktop////PipPycte////pycte////Examples////CationExchange////chemistry1.inp
Could not open include file: C:////Users////AL274877////Desktop////PipPycte////pycte////Examples////CationExchange////chemistry1.inp
Reading and expanding calculator new styleC:\Users\AL274877\Desktop\PipPycte\pycte\Examples\CationExchange\chemistry1.inp
Expanding calculator input text .... Scanning file: C:////Users////AL274877////Desktop////PipPycte////pycte////Examples////CationExchange////chemistry1.inp
Scanning file: objects2025.txt
Ready Scanning file: objects2025.txt
Ready Scanning file: C:////Users////AL274877////Desktop////PipPycte////pycte////Examples////CationExchange////chemistry1.inp
Scanning file: C:////Users////AL274877////Desktop////PipPycte////pycte////Examples////CationExchange////chemistry1.inp
Scanning file: objects2025.txt
Ready Scanning file: objects2025.txt
Ready Scanning file: C:////Users////AL274877////Desktop////PipPycte////pycte////Examples////CationExchange////chemistry1.inp
Including file: C:////Users////AL274877////Desktop////PipPycte////pycte////Examples////CationExchange////chemistry1.inp
Scanning file: objects2025.txt
Ready Scanning file: objects2025.txt
0.044 sec.
Reading system from expanded text .... Reading variables.... 0.023 s
7:Ca.tot
9:Cl.tot
13:K.tot
15:N.tot
17:Na.tot
20:Exch_X2-Ca.solid
21:Exch_X-K.solid
22:Exch_X-Na.solid
23:Ca+2.con
24:CaOH+.con
25:Cl-.con
26:H+.con
27:H2.con
28:K+.con
29:Na+.con
30:NaOH.con
31:NO3-.con
32:O2.con
33:OH-.con

PICCTS: time-step n°0, t=720 s, dt=0 s: 

C:\Users\AL274877\Desktop\PipPycte\pycte\Examples\CationExchange\chemistry1.inp: Improving start estimations:.
&.&.&.&.&&&&&&&&&&&&&&&&&&&&&&&&&&&&&&&&&&&&&&&&&&&&&&&&&&&&&&&&&&&&&&&&&&&&&&&&&&&&&&&&&&&&&&&&&&&&&&&&&&&&&|
&&&&&&&&&&&&&&&&&&&&&&&&&&&&&&&&&&&&&&&&&&&&&&&&&&&&&&&&&&&&&&&&&&&&&&&&&&&&&&&&&&&&&&&&&&&&&&&&&&&&|
&&&&&&&&&&&&&&&&&&&&&&&&&&&&&&&&&&&&&&&&&&&&&&&&&&&&&&&&&&&&&&&&&&&&&&&&&&&&&&&&&&&&&&&&&&&&&&&&&&&&|
&&&&&&&&&&&&&&&&&&&&&&&&&&&&&&&&&&&&&&&&&&&&&&&&&&&&&&&&&&&&&&&&&&&&&&&&&&&&&&&&&&&&&&&&&&&&&&&&&&&&|
&&&&&&&&&&&&&&&&&&&&&&&&&&&&&&&&&&&&&&&&&&&&&&&&&&&&&&&&&&&&&&&&&&&&&&&&&&&&&&&&&&&&&&&&&&&&&&&&&&&&|
Trying better start estimations was successful!!
C:\Users\AL274877\Desktop\PipPycte\pycte\Examples\CationExchange\chemistry1.inp: Improving start estimations:.
&&&&&&&&&&&&&&&&&&&&&&&&&&&&&&&&&&&&&&&&&&&&&&&&&&&&&&&&&&&&&&&&&&&&&&&&&&&&&&&&&&&&&&&&&&&&&&&&&&&&&|
Trying better start estimations was successful!!
Reading and expanding calculator new styleC:\Users\AL274877\Desktop\PipPycte\pycte\Examples\CationExchange\chemistry1.inp
Expanding calculator input text .... Scanning file: C:////Users////AL274877////Desktop////PipPycte////pycte////Examples////CationExchange////chemistry1.inp
Scanning file: objects2025.txt
Ready Scanning file: objects2025.txt
Ready Scanning file: C:////Users////AL274877////Desktop////PipPycte////pycte////Examples////CationExchange////chemistry1.inp
Scanning file: C:////Users////AL274877////Desktop////PipPycte////pycte////Examples////CationExchange////chemistry1.inp
Scanning file: objects2025.txt
Ready Scanning file: objects2025.txt
Ready Scanning file: C:////Users////AL274877////Desktop////PipPycte////pycte////Examples////CationExchange////chemistry1.inp
Including file: C:////Users////AL274877////Desktop////PipPycte////pycte////Examples////CationExchange////chemistry1.inp
Scanning file: objects2025.txt
Ready Scanning file: objects2025.txt
0.039 sec.
Reading system from expanded text .... Reading variables.... 0.017 s
7:Ca.tot
9:Cl.tot
13:K.tot
15:N.tot
17:Na.tot
20:Exch_X2-Ca.solid
21:Exch_X-K.solid
22:Exch_X-Na.solid
23:Ca+2.con
24:CaOH+.con
25:Cl-.con
26:H+.con
27:H2.con
28:K+.con
29:Na+.con
30:NaOH.con
31:NO3-.con
32:O2.con
33:OH-.con

PICCTS: time-step n°0, t=720 s, dt=0 s: 

C:\Users\AL274877\Desktop\PipPycte\pycte\Examples\CationExchange\chemistry1.inp: Improving start estimations:.
&.&.&.&.&&&&&&&&&&&&&&&&&&&&&&&&&&&&&&&&&&&&&&&&&&&&&&&&&&&&&&&&&&&&&&&&&&&&&&&&&&&&&&&&&&&&&&&&&&&&&&&&&&&&&|
&&&&&&&&&&&&&&&&&&&&&&&&&&&&&&&&&&&&&&&&&&&&&&&&&&&&&&&&&&&&&&&&&&&&&&&&&&&&&&&&&&&&&&&&&&&&&&&&&&&&|
&&&&&&&&&&&&&&&&&&&&&&&&&&&&&&&&&&&&&&&&&&&&&&&&&&&&&&&&&&&&&&&&&&&&&&&&&&&&&&&&&&&&&&&&&&&&&&&&&&&&|
&&&&&&&&&&&&&&&&&&&&&&&&&&&&&&&&&&&&&&&&&&&&&&&&&&&&&&&&&&&&&&&&&&&&&&&&&&&&&&&&&&&&&&&&&&&&&&&&&&&&|
&&&&&&&&&&&&&&&&&&&&&&&&&&&&&&&&&&&&&&&&&&&&&&&&&&&&&&&&&&&&&&&&&&&&&&&&&&&&&&&&&&&&&&&&&&&&&&&&&&&&|
Trying better start estimations was successful!!
C:\Users\AL274877\Desktop\PipPycte\pycte\Examples\CationExchange\chemistry1.inp: Improving start estimations:.
&&&&&&&&&&&&&&&&&&&&&&&&&&&&&&&&&&&&&&&&&&&&&&&&&&&&&&&&&&&&&&&&&&&&&&&&&&&&&&&&&&&&&&&&&&&&&&&&&&&&&|
Trying better start estimations was successful!!
Reading and expanding calculator new styleC:\Users\AL274877\Desktop\PipPycte\pycte\Examples\CationExchange\chemistry1.inp
Expanding calculator input text .... Scanning file: C:////Users////AL274877////Desktop////PipPycte////pycte////Examples////CationExchange////chemistry1.inp
Scanning file: objects2025.txt
Ready Scanning file: objects2025.txt
Ready Scanning file: C:////Users////AL274877////Desktop////PipPycte////pycte////Examples////CationExchange////chemistry1.inp
Scanning file: C:////Users////AL274877////Desktop////PipPycte////pycte////Examples////CationExchange////chemistry1.inp
Scanning file: objects2025.txt
Ready Scanning file: objects2025.txt
Ready Scanning file: C:////Users////AL274877////Desktop////PipPycte////pycte////Examples////CationExchange////chemistry1.inp
Including file: C:////Users////AL274877////Desktop////PipPycte////pycte////Examples////CationExchange////chemistry1.inp
Scanning file: objects2025.txt
Ready Scanning file: objects2025.txt
0.04 sec.
Reading system from expanded text .... Reading variables.... 0.019 s
7:Ca.tot
9:Cl.tot
13:K.tot
15:N.tot
17:Na.tot
20:Exch_X2-Ca.solid
21:Exch_X-K.solid
22:Exch_X-Na.solid
23:Ca+2.con
24:CaOH+.con
25:Cl-.con
26:H+.con
27:H2.con
28:K+.con
29:Na+.con
30:NaOH.con
31:NO3-.con
32:O2.con
33:OH-.con

PICCTS: time-step n°0, t=720 s, dt=0 s: 

C:\Users\AL274877\Desktop\PipPycte\pycte\Examples\CationExchange\chemistry1.inp: Improving start estimations:.
&.&.&.&.&&&&&&&&&&&&&&&&&&&&&&&&&&&&&&&&&&&&&&&&&&&&&&&&&&&&&&&&&&&&&&&&&&&&&&&&&&&&&&&&&&&&&&&&&&&&&&&&&&&&&|
&&&&&&&&&&&&&&&&&&&&&&&&&&&&&&&&&&&&&&&&&&&&&&&&&&&&&&&&&&&&&&&&&&&&&&&&&&&&&&&&&&&&&&&&&&&&&&&&&&&&|
&&&&&&&&&&&&&&&&&&&&&&&&&&&&&&&&&&&&&&&&&&&&&&&&&&&&&&&&&&&&&&&&&&&&&&&&&&&&&&&&&&&&&&&&&&&&&&&&&&&&|
&&&&&&&&&&&&&&&&&&&&&&&&&&&&&&&&&&&&&&&&&&&&&&&&&&&&&&&&&&&&&&&&&&&&&&&&&&&&&&&&&&&&&&&&&&&&&&&&&&&&|
&&&&&&&&&&&&&&&&&&&&&&&&&&&&&&&&&&&&&&&&&&&&&&&&&&&&&&&&&&&&&&&&&&&&&&&&&&&&&&&&&&&&&&&&&&&&&&&&&&&&|
Trying better start estimations was successful!!
C:\Users\AL274877\Desktop\PipPycte\pycte\Examples\CationExchange\chemistry1.inp: Improving start estimations:.
&&&&&&&&&&&&&&&&&&&&&&&&&&&&&&&&&&&&&&&&&&&&&&&&&&&&&&&&&&&&&&&&&&&&&&&&&&&&&&&&&&&&&&&&&&&&&&&&&&&&&|
Trying better start estimations was successful!!
Reading and expanding calculator new styleC:\Users\AL274877\Desktop\PipPycte\pycte\Examples\CationExchange\chemistry1.inp
Expanding calculator input text .... Scanning file: C:////Users////AL274877////Desktop////PipPycte////pycte////Examples////CationExchange////chemistry1.inp
Scanning file: objects2025.txt
Ready Scanning file: objects2025.txt
Ready Scanning file: C:////Users////AL274877////Desktop////PipPycte////pycte////Examples////CationExchange////chemistry1.inp
Scanning file: C:////Users////AL274877////Desktop////PipPycte////pycte////Examples////CationExchange////chemistry1.inp
Scanning file: objects2025.txt
Ready Scanning file: objects2025.txt
Ready Scanning file: C:////Users////AL274877////Desktop////PipPycte////pycte////Examples////CationExchange////chemistry1.inp
Including file: C:////Users////AL274877////Desktop////PipPycte////pycte////Examples////CationExchange////chemistry1.inp
Scanning file: objects2025.txt
Ready Scanning file: objects2025.txt
0.045 sec.
Reading system from expanded text .... Reading variables.... 0.017 s
7:Ca.tot
9:Cl.tot
13:K.tot
15:N.tot
17:Na.tot
20:Exch_X2-Ca.solid
21:Exch_X-K.solid
22:Exch_X-Na.solid
23:Ca+2.con
24:CaOH+.con
25:Cl-.con
26:H+.con
27:H2.con
28:K+.con
29:Na+.con
30:NaOH.con
31:NO3-.con
32:O2.con
33:OH-.con

PICCTS: time-step n°0, t=720 s, dt=0 s: 

Reading and expanding calculator new styleC:\Users\AL274877\Desktop\PipPycte\pycte\Examples\CationExchange\chemistry1.inp
Expanding calculator input text .... Scanning file: C:////Users////AL274877////Desktop////PipPycte////pycte////Examples////CationExchange////chemistry1.inp
Scanning file: objects2025.txt
Ready Scanning file: objects2025.txt
Ready Scanning file: C:////Users////AL274877////Desktop////PipPycte////pycte////Examples////CationExchange////chemistry1.inp
Scanning file: C:////Users////AL274877////Desktop////PipPycte////pycte////Examples////CationExchange////chemistry1.inp
Scanning file: objects2025.txt
Ready Scanning file: objects2025.txt
Ready Scanning file: C:////Users////AL274877////Desktop////PipPycte////pycte////Examples////CationExchange////chemistry1.inp
Including file: C:////Users////AL274877////Desktop////PipPycte////pycte////Examples////CationExchange////chemistry1.inp
Scanning file: objects2025.txt
Ready Scanning file: objects2025.txt
0.041 sec.
Reading system from expanded text .... Reading variables.... 0.019 s
7:Ca.tot
9:Cl.tot
13:K.tot
15:N.tot
17:Na.tot
20:Exch_X2-Ca.solid
21:Exch_X-K.solid
22:Exch_X-Na.solid
23:Exch_X-NH4.con
24:Ca+2.con
25:CaOH+.con
26:Cl-.con
27:H+.con
28:H2.con
29:K+.con
30:N2.con
31:Na+.con
32:NaOH.con
33:NH3.con
34:NH4+.con
35:NO2-.con
36:NO3-.con
37:O2.con
38:OH-.con

PICCTS: time-step n°0, t=720 s, dt=0 s: 

C:\Users\AL274877\Desktop\PipPycte\pycte\Examples\CationExchange\chemistry1.inp: Improving start estimations:.
&.&.&.&.&&&&&&&&&&&&&&&&&&&&&&&&&&&&&&&&&&&&&&&&&&&&&&&&&&&&&&&&&&&&&&&&&&&&&&&&&&&&&&&&&&&&&&&&&&&&&&&&&&&&&|
&&&&&&&&&&&&&&&&&&&&&&&&&&&&&&&&&&&&&&&&&&&&&&&&&&&&&&&&&&&&&&&&&&&&&&&&&&&&&&&&&&&&&&&&&&&&&&&&&&&&|
&&&&&&&&&&&&&&&&&&&&&&&&&&&&&&&&&&&&&&&&&&&&&&&&&&&&&&&&&&&&&&&&&&&&&&&&&&&&&&&&&&&&&&&&&&&&&&&&&&&&|
&&&&&&&&&&&&&&&&&&&&&&&&&&&&&&&&&&&&&&&&&&&&&&&&&&&&&&&&&&&&&&&&&&&&&&&&&&&&&&&&&&&&&&&&&&&&&&&&&&&&|
&&&&&&&&&&&&&&&&&&&&&&&&&&&&&&&&&&&&&&&&&&&&&&&&&&&&&&&&&&&&&&&&&&&&&&&&&&&&&&&&&&&&&&&&&&&&&&&&&&&&|
Trying better start estimations was successful!!
C:\Users\AL274877\Desktop\PipPycte\pycte\Examples\CationExchange\chemistry1.inp: Improving start estimations:.
&&&&&&.&&&&&&&&&.&&&&&&&&.&&&&&&&&&&&&&&&&&&.&&&&&&&&&.&&&&&&.&&&&&&&&.&&&&&&&&&&&&&.&&&&&&&&&&&.Unfortunately this does not seem to work. Trylevel: 11
C:\Users\AL274877\Desktop\PipPycte\pycte\Examples\CationExchange\chemistry1.inp: Improving start estimations:.
&.&.&.&.&&.&&&&.&&.&&&&&&&&&&&&&.&&&&&&&&&&&&.Unfortunately this does not seem to work. Trylevel: 11
C:\Users\AL274877\Desktop\PipPycte\pycte\Examples\CationExchange\chemistry1.inp: Improving start estimations:.
&&&&&&&&&&&&&&&&&&&&&&&.&&&&&&&&&&&&&&&&.&&&&&&&&&&&.&&&&&&&&&&&&&&&&&&&&&&&.&&&&&&&&&&.&&&&&&&&&&&&&&&&&&&&&&&&.&&&&&&&&.&&&&&&&&&&&&&&&&&&&&&.&&&&&&&&&&&&&&.Unfortunately this does not seem to work. Trylevel: 11
C:\Users\AL274877\Desktop\PipPycte\pycte\Examples\CationExchange\chemistry1.inp: Improving start estimations:.
&.&.&.&.&.&.&&&&&&.&&&&.&&&&.Unfortunately this does not seem to work. Trylevel: 11
C:\Users\AL274877\Desktop\PipPycte\pycte\Examples\CationExchange\chemistry1.inp: Improving start estimations:.
&&&&&&&&&&&&&&&&&.&&&&&&&&&&&&&&&&.&&&&&&&&&&&&&&&&&.&&&&.&&&&&&&&&&&&&&&.&&&&&&&&&&&&&&&&&&&.&&&&&&&&&&&&&&&&&&&&&&&&&.&&&&&&&&&&&&&&.&&&&&&&&&&&&&&&&&&&&&&&.Unfortunately this does not seem to work. Trylevel: 11
Reading and expanding calculator new styleC:\Users\AL274877\Desktop\PipPycte\pycte\Examples\CationExchange\chemistry1.inp
Expanding calculator input text .... Scanning file: C:////Users////AL274877////Desktop////PipPycte////pycte////Examples////CationExchange////chemistry1.inp
Scanning file: objects2025.txt
Ready Scanning file: objects2025.txt
Ready Scanning file: C:////Users////AL274877////Desktop////PipPycte////pycte////Examples////CationExchange////chemistry1.inp
Scanning file: C:////Users////AL274877////Desktop////PipPycte////pycte////Examples////CationExchange////chemistry1.inp
Scanning file: objects2025.txt
Ready Scanning file: objects2025.txt
Ready Scanning file: C:////Users////AL274877////Desktop////PipPycte////pycte////Examples////CationExchange////chemistry1.inp
Including file: C:////Users////AL274877////Desktop////PipPycte////pycte////Examples////CationExchange////chemistry1.inp
Scanning file: objects2025.txt
Ready Scanning file: objects2025.txt
0.041 sec.
Reading system from expanded text .... Reading variables.... 0.017 s
7:Ca.tot
9:Cl.tot
13:K.tot
15:N.tot
17:Na.tot
20:Exch_X2-Ca.solid
21:Exch_X-K.solid
22:Exch_X-Na.solid
23:Exch_X-NH4.con
24:Ca+2.con
25:CaOH+.con
26:Cl-.con
27:H+.con
28:H2.con
29:K+.con
30:N2.con
31:Na+.con
32:NaOH.con
33:NH3.con
34:NH4+.con
35:NO2-.con
36:NO3-.con
37:O2.con
38:OH-.con

PICCTS: time-step n°0, t=720 s, dt=0 s: 

Reading and expanding calculator new styleC:\Users\AL274877\Desktop\PipPycte\pycte\Examples\CationExchange\chemistry1.inp
Expanding calculator input text .... Scanning file: C:////Users////AL274877////Desktop////PipPycte////pycte////Examples////CationExchange////chemistry1.inp
Scanning file: objects2025.txt
Ready Scanning file: objects2025.txt
Ready Scanning file: C:////Users////AL274877////Desktop////PipPycte////pycte////Examples////CationExchange////chemistry1.inp
Scanning file: C:////Users////AL274877////Desktop////PipPycte////pycte////Examples////CationExchange////chemistry1.inp
Scanning file: objects2025.txt
Ready Scanning file: objects2025.txt
Ready Scanning file: C:////Users////AL274877////Desktop////PipPycte////pycte////Examples////CationExchange////chemistry1.inp
Including file: C:////Users////AL274877////Desktop////PipPycte////pycte////Examples////CationExchange////chemistry1.inp
Scanning file: objects2025.txt
Ready Scanning file: objects2025.txt
0.043 sec.
Reading system from expanded text .... Reading variables.... 0.019 s
7:Ca.tot
9:Cl.tot
13:K.tot
15:N.tot
17:Na.tot
20:Exch_X2-Ca.solid
21:Exch_X-K.solid
22:Exch_X-Na.solid
23:Exch_X-NH4.con
24:Ca+2.con
25:CaOH+.con
26:Cl-.con
27:H+.con
28:H2.con
29:K+.con
30:N2.con
31:Na+.con
32:NaOH.con
33:NH3.con
34:NH4+.con
35:NO2-.con
36:NO3-.con
37:O2.con
38:OH-.con

PICCTS: time-step n°0, t=720 s, dt=0 s: 

Reading and expanding calculator new styleC:\Users\AL274877\Desktop\PipPycte\pycte\Examples\CationExchange\chemistry1.inp
Expanding calculator input text .... Scanning file: C:////Users////AL274877////Desktop////PipPycte////pycte////Examples////CationExchange////chemistry1.inp
Scanning file: objects2025.txt
Ready Scanning file: objects2025.txt
Ready Scanning file: C:////Users////AL274877////Desktop////PipPycte////pycte////Examples////CationExchange////chemistry1.inp
Scanning file: C:////Users////AL274877////Desktop////PipPycte////pycte////Examples////CationExchange////chemistry1.inp
Scanning file: objects2025.txt
Ready Scanning file: objects2025.txt
Ready Scanning file: C:////Users////AL274877////Desktop////PipPycte////pycte////Examples////CationExchange////chemistry1.inp
Including file: C:////Users////AL274877////Desktop////PipPycte////pycte////Examples////CationExchange////chemistry1.inp
Scanning file: objects2025.txt
Ready Scanning file: objects2025.txt
0.061 sec.
Reading system from expanded text .... Reading variables.... 0.024 s
7:Ca.tot
9:Cl.tot
13:K.tot
15:N.tot
17:Na.tot
20:Exch_X2-Ca.solid
21:Exch_X-K.solid
22:Exch_X-Na.solid
23:Exch_X-NH4.con
24:Ca+2.con
25:CaOH+.con
26:Cl-.con
27:H+.con
28:H2.con
29:K+.con
30:N2.con
31:Na+.con
32:NaOH.con
33:NH3.con
34:NH4+.con
35:NO2-.con
36:NO3-.con
37:O2.con
38:OH-.con

PICCTS: time-step n°0, t=720 s, dt=0 s: 

chemistry1.inp: Improving start estimations:.
&.&.&.&.&&&&&&&&&&&&&&&&&&&&&&&&&&&&&&&&&&&&&&&&&&&&&&&&&&&&&&&&&&&&&&&&&&&&&&&&&&&&&&&&&&&&&&&&&&&&&&&&&&&&&|
&&&&&&&&&&&&&&&&&&&&&&&&&&&&&&&&&&&&&&&&&&&&&&&&&&&&&&&&&&&&&&&&&&&&&&&&&&&&&&&&&&&&&&&&&&&&&&&&&&&&|
&&&&&&&&&&&&&&&&&&&&&&&&&&&&&&&&&&&&&&&&&&&&&&&&&&&&&&&&&&&&&&&&&&&&&&&&&&&&&&&&&&&&&&&&&&&&&&&&&&&&|
&&&&&&&&&&&&&&&&&&&&&&&&&&&&&&&&&&&&&&&&&&&&&&&&&&&&&&&&&&&&&&&&&&&&&&&&&&&&&&&&&&&&&&&&&&&&&&&&&&&&|
&&&&&&&&&&&&&&&&&&&&&&&&&&&&&&&&&&&&&&&&&&&&&&&&&&&&&&&&&&&&&&&&&&&&&&&&&&&&&&&&&&&&&&&&&&&&&&&&&&&&|
Trying better start estimations was successful!!
Reading and expanding calculator new styleC:\Users\AL274877\Desktop\PipPycte\pycte\Examples\CationExchange\chemistry1.inp
Expanding calculator input text .... Scanning file: C:////Users////AL274877////Desktop////PipPycte////pycte////Examples////CationExchange////chemistry1.inp
Scanning file: objects2025.txt
Ready Scanning file: objects2025.txt
Ready Scanning file: C:////Users////AL274877////Desktop////PipPycte////pycte////Examples////CationExchange////chemistry1.inp
Scanning file: C:////Users////AL274877////Desktop////PipPycte////pycte////Examples////CationExchange////chemistry1.inp
Scanning file: objects2025.txt
Ready Scanning file: objects2025.txt
Ready Scanning file: C:////Users////AL274877////Desktop////PipPycte////pycte////Examples////CationExchange////chemistry1.inp
Including file: C:////Users////AL274877////Desktop////PipPycte////pycte////Examples////CationExchange////chemistry1.inp
Scanning file: objects2025.txt
Ready Scanning file: objects2025.txt
0.04 sec.
Reading system from expanded text .... Reading variables.... 0.019 s
7:Ca.tot
9:Cl.tot
13:K.tot
15:N.tot
17:Na.tot
20:Exch_X2-Ca.solid
21:Exch_X-K.solid
22:Exch_X-Na.solid
23:Exch_X-NH4.con
24:Ca+2.con
25:CaOH+.con
26:Cl-.con
27:H+.con
28:H2.con
29:K+.con
30:N2.con
31:Na+.con
32:NaOH.con
33:NH3.con
34:NH4+.con
35:NO2-.con
36:NO3-.con
37:O2.con
38:OH-.con

PICCTS: time-step n°0, t=720 s, dt=0 s: 

